Archive member included to satisfy reference by file (symbol)

/usr/lib/gcc/avr/14.1.0/avr5/libgcc.a(_exit.o)
                              /usr/lib/gcc/avr/14.1.0/../../../../avr/lib/avr5/crtatmega328p.o (exit)
/usr/lib/gcc/avr/14.1.0/avr5/libgcc.a(_copy_data.o)
                              helloworld.o (__do_copy_data)
/usr/lib/gcc/avr/14.1.0/avr5/libgcc.a(_clear_bss.o)
                              helloworld.o (__do_clear_bss)
/usr/lib/gcc/avr/14.1.0/../../../../avr/lib/avr5/libc.a(iob.o)
                              helloworld.o (__iob)
/usr/lib/gcc/avr/14.1.0/../../../../avr/lib/avr5/libc.a(printf.o)
                              helloworld.o (printf)
/usr/lib/gcc/avr/14.1.0/../../../../avr/lib/avr5/libc.a(puts.o)
                              helloworld.o (puts)
/usr/lib/gcc/avr/14.1.0/../../../../avr/lib/avr5/libc.a(scanf.o)
                              helloworld.o (scanf)
/usr/lib/gcc/avr/14.1.0/../../../../avr/lib/avr5/libc.a(vfprintf_std.o)
                              /usr/lib/gcc/avr/14.1.0/../../../../avr/lib/avr5/libc.a(printf.o) (vfprintf)
/usr/lib/gcc/avr/14.1.0/../../../../avr/lib/avr5/libc.a(vfscanf_std.o)
                              /usr/lib/gcc/avr/14.1.0/../../../../avr/lib/avr5/libc.a(scanf.o) (vfscanf)
/usr/lib/gcc/avr/14.1.0/../../../../avr/lib/avr5/libc.a(isspace.o)
                              /usr/lib/gcc/avr/14.1.0/../../../../avr/lib/avr5/libc.a(vfscanf_std.o) (isspace)
/usr/lib/gcc/avr/14.1.0/../../../../avr/lib/avr5/libc.a(strchr_P.o)
                              /usr/lib/gcc/avr/14.1.0/../../../../avr/lib/avr5/libc.a(vfscanf_std.o) (strchr_P)
/usr/lib/gcc/avr/14.1.0/../../../../avr/lib/avr5/libc.a(strnlen_P.o)
                              /usr/lib/gcc/avr/14.1.0/../../../../avr/lib/avr5/libc.a(vfprintf_std.o) (strnlen_P)
/usr/lib/gcc/avr/14.1.0/../../../../avr/lib/avr5/libc.a(strnlen.o)
                              /usr/lib/gcc/avr/14.1.0/../../../../avr/lib/avr5/libc.a(vfprintf_std.o) (strnlen)
/usr/lib/gcc/avr/14.1.0/../../../../avr/lib/avr5/libc.a(fgetc.o)
                              /usr/lib/gcc/avr/14.1.0/../../../../avr/lib/avr5/libc.a(vfscanf_std.o) (fgetc)
/usr/lib/gcc/avr/14.1.0/../../../../avr/lib/avr5/libc.a(fputc.o)
                              /usr/lib/gcc/avr/14.1.0/../../../../avr/lib/avr5/libc.a(vfprintf_std.o) (fputc)
/usr/lib/gcc/avr/14.1.0/../../../../avr/lib/avr5/libc.a(ungetc.o)
                              /usr/lib/gcc/avr/14.1.0/../../../../avr/lib/avr5/libc.a(vfscanf_std.o) (ungetc)
/usr/lib/gcc/avr/14.1.0/../../../../avr/lib/avr5/libc.a(ultoa_invert.o)
                              /usr/lib/gcc/avr/14.1.0/../../../../avr/lib/avr5/libc.a(vfprintf_std.o) (__ultoa_invert)
/usr/lib/gcc/avr/14.1.0/../../../../avr/lib/avr5/libc.a(cty_isfalse.o)
                              /usr/lib/gcc/avr/14.1.0/../../../../avr/lib/avr5/libc.a(isspace.o) (__ctype_isfalse)
/usr/lib/gcc/avr/14.1.0/avr5/libgcc.a(_prologue.o)
                              /usr/lib/gcc/avr/14.1.0/../../../../avr/lib/avr5/libc.a(printf.o) (__prologue_saves__)
/usr/lib/gcc/avr/14.1.0/avr5/libgcc.a(_epilogue.o)
                              /usr/lib/gcc/avr/14.1.0/../../../../avr/lib/avr5/libc.a(printf.o) (__epilogue_restores__)

There are no discarded input sections

Memory Configuration

Name             Origin             Length             Attributes
text             0x00000000         0x00008000         xr
data             0x00800100         0x00000800         rw!x
eeprom           0x00810000         0x00000400         rw!x
fuse             0x00820000         0x00000003         rw!x
lock             0x00830000         0x00000400         rw!x
signature        0x00840000         0x00000400         rw!x
user_signatures  0x00850000         0x00000400         rw!x
*default*        0x00000000         0xffffffff

Linker script and memory map

Address of section .data set to 0x800100
LOAD /usr/lib/gcc/avr/14.1.0/../../../../avr/lib/avr5/crtatmega328p.o
LOAD helloworld.o
START GROUP
LOAD /usr/lib/gcc/avr/14.1.0/avr5/libgcc.a
LOAD /usr/lib/gcc/avr/14.1.0/../../../../avr/lib/avr5/libm.a
LOAD /usr/lib/gcc/avr/14.1.0/../../../../avr/lib/avr5/libc.a
LOAD /usr/lib/gcc/avr/14.1.0/../../../../avr/lib/avr5/libatmega328p.a
END GROUP
                [0x00000000]                      __TEXT_REGION_ORIGIN__ = DEFINED (__TEXT_REGION_ORIGIN__)?__TEXT_REGION_ORIGIN__:0x0
                [0x00008000]                      __TEXT_REGION_LENGTH__ = DEFINED (__TEXT_REGION_LENGTH__)?__TEXT_REGION_LENGTH__:0x20000
                [0x00800100]                      __DATA_REGION_ORIGIN__ = DEFINED (__DATA_REGION_ORIGIN__)?__DATA_REGION_ORIGIN__:0x800060
                [0x00000800]                      __DATA_REGION_LENGTH__ = DEFINED (__DATA_REGION_LENGTH__)?__DATA_REGION_LENGTH__:0xffa0
                [0x00000400]                      __EEPROM_REGION_LENGTH__ = DEFINED (__EEPROM_REGION_LENGTH__)?__EEPROM_REGION_LENGTH__:0x10000
                [0x00000003]                      __FUSE_REGION_LENGTH__ = DEFINED (__FUSE_REGION_LENGTH__)?__FUSE_REGION_LENGTH__:0x400
                0x00000400                        __LOCK_REGION_LENGTH__ = DEFINED (__LOCK_REGION_LENGTH__)?__LOCK_REGION_LENGTH__:0x400
                0x00000400                        __SIGNATURE_REGION_LENGTH__ = DEFINED (__SIGNATURE_REGION_LENGTH__)?__SIGNATURE_REGION_LENGTH__:0x400
                0x00000400                        __USER_SIGNATURE_REGION_LENGTH__ = DEFINED (__USER_SIGNATURE_REGION_LENGTH__)?__USER_SIGNATURE_REGION_LENGTH__:0x400

.hash
 *(.hash)

.dynsym
 *(.dynsym)

.dynstr
 *(.dynstr)

.gnu.version
 *(.gnu.version)

.gnu.version_d
 *(.gnu.version_d)

.gnu.version_r
 *(.gnu.version_r)

.rel.init
 *(.rel.init)

.rela.init
 *(.rela.init)

.rel.text
 *(.rel.text)
 *(.rel.text.*)
 *(.rel.gnu.linkonce.t*)

.rela.text
 *(.rela.text)
 *(.rela.text.*)
 *(.rela.gnu.linkonce.t*)

.rel.fini
 *(.rel.fini)

.rela.fini
 *(.rela.fini)

.rel.rodata
 *(.rel.rodata)
 *(.rel.rodata.*)
 *(.rel.gnu.linkonce.r*)

.rela.rodata
 *(.rela.rodata)
 *(.rela.rodata.*)
 *(.rela.gnu.linkonce.r*)

.rel.data
 *(.rel.data)
 *(.rel.data.*)
 *(.rel.gnu.linkonce.d*)

.rela.data
 *(.rela.data)
 *(.rela.data.*)
 *(.rela.gnu.linkonce.d*)

.rel.ctors
 *(.rel.ctors)

.rela.ctors
 *(.rela.ctors)

.rel.dtors
 *(.rel.dtors)

.rela.dtors
 *(.rela.dtors)

.rel.got
 *(.rel.got)

.rela.got
 *(.rela.got)

.rel.bss
 *(.rel.bss)

.rela.bss
 *(.rela.bss)

.rel.plt
 *(.rel.plt)

.rela.plt
 *(.rela.plt)

.text           0x00000000      0xe36
 *(.vectors)
 .vectors       0x00000000       0x68 /usr/lib/gcc/avr/14.1.0/../../../../avr/lib/avr5/crtatmega328p.o
                0x00000000                __vectors
                0x00000000                __vector_default
 *(.vectors)
 *(.progmem.gcc*)
                0x00000068                        . = ALIGN (0x2)
                0x00000068                        __trampolines_start = .
 *(.trampolines)
 .trampolines   0x00000068        0x0 linker stubs
 *(.trampolines*)
                0x00000068                        __trampolines_end = .
 *libprintf_flt.a:*(.progmem.data)
 *libc.a:*(.progmem.data)
 .progmem.data  0x00000068        0xc /usr/lib/gcc/avr/14.1.0/../../../../avr/lib/avr5/libc.a(vfscanf_std.o)
 *(.progmem.*)
                0x00000074                        . = ALIGN (0x2)
 *(.lowtext)
 *(.lowtext*)
                0x00000074                        __ctors_start = .
 *(.ctors)
                0x00000074                        __ctors_end = .
                0x00000074                        __dtors_start = .
 *(.dtors)
                0x00000074                        __dtors_end = .
 SORT_BY_NAME(*)(.ctors)
 SORT_BY_NAME(*)(.dtors)
 *(.init0)
 .init0         0x00000074        0x0 /usr/lib/gcc/avr/14.1.0/../../../../avr/lib/avr5/crtatmega328p.o
                0x00000074                __init
 *(.init0)
 *(.init1)
 *(.init1)
 *(.init2)
 .init2         0x00000074        0xc /usr/lib/gcc/avr/14.1.0/../../../../avr/lib/avr5/crtatmega328p.o
 *(.init2)
 *(.init3)
 *(.init3)
 *(.init4)
 .init4         0x00000080       0x16 /usr/lib/gcc/avr/14.1.0/avr5/libgcc.a(_copy_data.o)
                0x00000080                __do_copy_data
 .init4         0x00000096       0x10 /usr/lib/gcc/avr/14.1.0/avr5/libgcc.a(_clear_bss.o)
                0x00000096                __do_clear_bss
 *(.init4)
 *(.init5)
 *(.init5)
 *(.init6)
 *(.init6)
 *(.init7)
 *(.init7)
 *(.init8)
 *(.init8)
 *(.init9)
 .init9         0x000000a6        0x8 /usr/lib/gcc/avr/14.1.0/../../../../avr/lib/avr5/crtatmega328p.o
 *(.init9)
 *(.text)
 .text          0x000000ae        0x4 /usr/lib/gcc/avr/14.1.0/../../../../avr/lib/avr5/crtatmega328p.o
                0x000000ae                __vector_22
                0x000000ae                __vector_1
                0x000000ae                __vector_24
                0x000000ae                __vector_12
                0x000000ae                __bad_interrupt
                0x000000ae                __vector_6
                0x000000ae                __vector_3
                0x000000ae                __vector_23
                0x000000ae                __vector_25
                0x000000ae                __vector_11
                0x000000ae                __vector_13
                0x000000ae                __vector_17
                0x000000ae                __vector_19
                0x000000ae                __vector_7
                0x000000ae                __vector_5
                0x000000ae                __vector_4
                0x000000ae                __vector_9
                0x000000ae                __vector_2
                0x000000ae                __vector_21
                0x000000ae                __vector_15
                0x000000ae                __vector_8
                0x000000ae                __vector_14
                0x000000ae                __vector_10
                0x000000ae                __vector_16
                0x000000ae                __vector_18
                0x000000ae                __vector_20
 .text          0x000000b2       0x40 helloworld.o
                0x000000b2                uart_transmit
                0x000000c4                uart_receive
                0x000000d4                uart_init
 .text          0x000000f2        0x0 /usr/lib/gcc/avr/14.1.0/avr5/libgcc.a(_exit.o)
 .text          0x000000f2        0x0 /usr/lib/gcc/avr/14.1.0/avr5/libgcc.a(_copy_data.o)
 .text          0x000000f2        0x0 /usr/lib/gcc/avr/14.1.0/avr5/libgcc.a(_clear_bss.o)
 .text          0x000000f2        0x0 /usr/lib/gcc/avr/14.1.0/../../../../avr/lib/avr5/libc.a(iob.o)
 .text          0x000000f2        0x0 /usr/lib/gcc/avr/14.1.0/../../../../avr/lib/avr5/libc.a(printf.o)
 .text          0x000000f2        0x0 /usr/lib/gcc/avr/14.1.0/../../../../avr/lib/avr5/libc.a(puts.o)
 .text          0x000000f2        0x0 /usr/lib/gcc/avr/14.1.0/../../../../avr/lib/avr5/libc.a(scanf.o)
 .text          0x000000f2        0x0 /usr/lib/gcc/avr/14.1.0/../../../../avr/lib/avr5/libc.a(vfprintf_std.o)
 .text          0x000000f2        0x0 /usr/lib/gcc/avr/14.1.0/../../../../avr/lib/avr5/libc.a(vfscanf_std.o)
 .text          0x000000f2        0x0 /usr/lib/gcc/avr/14.1.0/../../../../avr/lib/avr5/libc.a(isspace.o)
 .text          0x000000f2        0x0 /usr/lib/gcc/avr/14.1.0/../../../../avr/lib/avr5/libc.a(strchr_P.o)
 .text          0x000000f2        0x0 /usr/lib/gcc/avr/14.1.0/../../../../avr/lib/avr5/libc.a(strnlen_P.o)
 .text          0x000000f2        0x0 /usr/lib/gcc/avr/14.1.0/../../../../avr/lib/avr5/libc.a(strnlen.o)
 .text          0x000000f2        0x0 /usr/lib/gcc/avr/14.1.0/../../../../avr/lib/avr5/libc.a(fgetc.o)
 .text          0x000000f2        0x0 /usr/lib/gcc/avr/14.1.0/../../../../avr/lib/avr5/libc.a(fputc.o)
 .text          0x000000f2        0x0 /usr/lib/gcc/avr/14.1.0/../../../../avr/lib/avr5/libc.a(ungetc.o)
 .text          0x000000f2        0x0 /usr/lib/gcc/avr/14.1.0/../../../../avr/lib/avr5/libc.a(ultoa_invert.o)
 .text          0x000000f2        0x0 /usr/lib/gcc/avr/14.1.0/../../../../avr/lib/avr5/libc.a(cty_isfalse.o)
 .text          0x000000f2        0x0 /usr/lib/gcc/avr/14.1.0/avr5/libgcc.a(_prologue.o)
 .text          0x000000f2        0x0 /usr/lib/gcc/avr/14.1.0/avr5/libgcc.a(_epilogue.o)
                0x000000f2                        . = ALIGN (0x2)
 *(.text.*)
 .text.startup  0x000000f2       0xb0 helloworld.o
                0x000000f2                main
 .text.libgcc.mul
                0x000001a2        0x0 /usr/lib/gcc/avr/14.1.0/avr5/libgcc.a(_exit.o)
 .text.libgcc.div
                0x000001a2        0x0 /usr/lib/gcc/avr/14.1.0/avr5/libgcc.a(_exit.o)
 .text.libgcc   0x000001a2        0x0 /usr/lib/gcc/avr/14.1.0/avr5/libgcc.a(_exit.o)
 .text.libgcc.prologue
                0x000001a2        0x0 /usr/lib/gcc/avr/14.1.0/avr5/libgcc.a(_exit.o)
 .text.libgcc.builtins
                0x000001a2        0x0 /usr/lib/gcc/avr/14.1.0/avr5/libgcc.a(_exit.o)
 .text.libgcc.fmul
                0x000001a2        0x0 /usr/lib/gcc/avr/14.1.0/avr5/libgcc.a(_exit.o)
 .text.libgcc.fixed
                0x000001a2        0x0 /usr/lib/gcc/avr/14.1.0/avr5/libgcc.a(_exit.o)
 .text.libgcc.mul
                0x000001a2        0x0 /usr/lib/gcc/avr/14.1.0/avr5/libgcc.a(_copy_data.o)
 .text.libgcc.div
                0x000001a2        0x0 /usr/lib/gcc/avr/14.1.0/avr5/libgcc.a(_copy_data.o)
 .text.libgcc   0x000001a2        0x0 /usr/lib/gcc/avr/14.1.0/avr5/libgcc.a(_copy_data.o)
 .text.libgcc.prologue
                0x000001a2        0x0 /usr/lib/gcc/avr/14.1.0/avr5/libgcc.a(_copy_data.o)
 .text.libgcc.builtins
                0x000001a2        0x0 /usr/lib/gcc/avr/14.1.0/avr5/libgcc.a(_copy_data.o)
 .text.libgcc.fmul
                0x000001a2        0x0 /usr/lib/gcc/avr/14.1.0/avr5/libgcc.a(_copy_data.o)
 .text.libgcc.fixed
                0x000001a2        0x0 /usr/lib/gcc/avr/14.1.0/avr5/libgcc.a(_copy_data.o)
 .text.libgcc.mul
                0x000001a2        0x0 /usr/lib/gcc/avr/14.1.0/avr5/libgcc.a(_clear_bss.o)
 .text.libgcc.div
                0x000001a2        0x0 /usr/lib/gcc/avr/14.1.0/avr5/libgcc.a(_clear_bss.o)
 .text.libgcc   0x000001a2        0x0 /usr/lib/gcc/avr/14.1.0/avr5/libgcc.a(_clear_bss.o)
 .text.libgcc.prologue
                0x000001a2        0x0 /usr/lib/gcc/avr/14.1.0/avr5/libgcc.a(_clear_bss.o)
 .text.libgcc.builtins
                0x000001a2        0x0 /usr/lib/gcc/avr/14.1.0/avr5/libgcc.a(_clear_bss.o)
 .text.libgcc.fmul
                0x000001a2        0x0 /usr/lib/gcc/avr/14.1.0/avr5/libgcc.a(_clear_bss.o)
 .text.libgcc.fixed
                0x000001a2        0x0 /usr/lib/gcc/avr/14.1.0/avr5/libgcc.a(_clear_bss.o)
 .text.avr-libc
                0x000001a2       0x2c /usr/lib/gcc/avr/14.1.0/../../../../avr/lib/avr5/libc.a(printf.o)
                0x000001a2                printf
 .text.avr-libc
                0x000001ce       0x58 /usr/lib/gcc/avr/14.1.0/../../../../avr/lib/avr5/libc.a(puts.o)
                0x000001ce                puts
 .text.avr-libc
                0x00000226       0x2c /usr/lib/gcc/avr/14.1.0/../../../../avr/lib/avr5/libc.a(scanf.o)
                0x00000226                scanf
 .text.avr-libc
                0x00000252      0x3d8 /usr/lib/gcc/avr/14.1.0/../../../../avr/lib/avr5/libc.a(vfprintf_std.o)
                0x00000252                vfprintf
 .text.avr-libc
                0x0000062a      0x56c /usr/lib/gcc/avr/14.1.0/../../../../avr/lib/avr5/libc.a(vfscanf_std.o)
                0x00000938                vfscanf
 .text.avr-libc
                0x00000b96       0x12 /usr/lib/gcc/avr/14.1.0/../../../../avr/lib/avr5/libc.a(isspace.o)
                0x00000b96                isspace
 .text.avr-libc
                0x00000ba8       0x16 /usr/lib/gcc/avr/14.1.0/../../../../avr/lib/avr5/libc.a(strchr_P.o)
                0x00000ba8                strchr_P
 .text.avr-libc
                0x00000bbe       0x16 /usr/lib/gcc/avr/14.1.0/../../../../avr/lib/avr5/libc.a(strnlen_P.o)
                0x00000bbe                strnlen_P
 .text.avr-libc
                0x00000bd4       0x16 /usr/lib/gcc/avr/14.1.0/../../../../avr/lib/avr5/libc.a(strnlen.o)
                0x00000bd4                strnlen
 .text.avr-libc
                0x00000bea       0x86 /usr/lib/gcc/avr/14.1.0/../../../../avr/lib/avr5/libc.a(fgetc.o)
                0x00000bea                fgetc
 .text.avr-libc
                0x00000c70       0x60 /usr/lib/gcc/avr/14.1.0/../../../../avr/lib/avr5/libc.a(fputc.o)
                0x00000c70                fputc
 .text.avr-libc
                0x00000cd0       0x32 /usr/lib/gcc/avr/14.1.0/../../../../avr/lib/avr5/libc.a(ungetc.o)
                0x00000cd0                ungetc
 .text.avr-libc
                0x00000d02       0xbc /usr/lib/gcc/avr/14.1.0/../../../../avr/lib/avr5/libc.a(ultoa_invert.o)
                0x00000d02                __ultoa_invert
 .text.avr-libc
                0x00000dbe        0x6 /usr/lib/gcc/avr/14.1.0/../../../../avr/lib/avr5/libc.a(cty_isfalse.o)
                0x00000dbe                __ctype_isfalse
                0x00000dc2                __ctype_istrue
 .text.libgcc.mul
                0x00000dc4        0x0 /usr/lib/gcc/avr/14.1.0/avr5/libgcc.a(_prologue.o)
 .text.libgcc.div
                0x00000dc4        0x0 /usr/lib/gcc/avr/14.1.0/avr5/libgcc.a(_prologue.o)
 .text.libgcc   0x00000dc4        0x0 /usr/lib/gcc/avr/14.1.0/avr5/libgcc.a(_prologue.o)
 .text.libgcc.prologue
                0x00000dc4       0x38 /usr/lib/gcc/avr/14.1.0/avr5/libgcc.a(_prologue.o)
                0x00000dc4                __prologue_saves__
 .text.libgcc.builtins
                0x00000dfc        0x0 /usr/lib/gcc/avr/14.1.0/avr5/libgcc.a(_prologue.o)
 .text.libgcc.fmul
                0x00000dfc        0x0 /usr/lib/gcc/avr/14.1.0/avr5/libgcc.a(_prologue.o)
 .text.libgcc.fixed
                0x00000dfc        0x0 /usr/lib/gcc/avr/14.1.0/avr5/libgcc.a(_prologue.o)
 .text.libgcc.mul
                0x00000dfc        0x0 /usr/lib/gcc/avr/14.1.0/avr5/libgcc.a(_epilogue.o)
 .text.libgcc.div
                0x00000dfc        0x0 /usr/lib/gcc/avr/14.1.0/avr5/libgcc.a(_epilogue.o)
 .text.libgcc   0x00000dfc        0x0 /usr/lib/gcc/avr/14.1.0/avr5/libgcc.a(_epilogue.o)
 .text.libgcc.prologue
                0x00000dfc       0x36 /usr/lib/gcc/avr/14.1.0/avr5/libgcc.a(_epilogue.o)
                0x00000dfc                __epilogue_restores__
 .text.libgcc.builtins
                0x00000e32        0x0 /usr/lib/gcc/avr/14.1.0/avr5/libgcc.a(_epilogue.o)
 .text.libgcc.fmul
                0x00000e32        0x0 /usr/lib/gcc/avr/14.1.0/avr5/libgcc.a(_epilogue.o)
 .text.libgcc.fixed
                0x00000e32        0x0 /usr/lib/gcc/avr/14.1.0/avr5/libgcc.a(_epilogue.o)
                0x00000e32                        . = ALIGN (0x2)
 *(.fini9)
 .fini9         0x00000e32        0x0 /usr/lib/gcc/avr/14.1.0/avr5/libgcc.a(_exit.o)
                0x00000e32                exit
                0x00000e32                _exit
 *(.fini9)
 *(.fini8)
 *(.fini8)
 *(.fini7)
 *(.fini7)
 *(.fini6)
 *(.fini6)
 *(.fini5)
 *(.fini5)
 *(.fini4)
 *(.fini4)
 *(.fini3)
 *(.fini3)
 *(.fini2)
 *(.fini2)
 *(.fini1)
 *(.fini1)
 *(.fini0)
 .fini0         0x00000e32        0x4 /usr/lib/gcc/avr/14.1.0/avr5/libgcc.a(_exit.o)
 *(.fini0)
 *(.hightext)
 *(.hightext*)
 *(.progmemx.*)
                0x00000e36                        . = ALIGN (0x2)
 *(.jumptables)
 *(.jumptables*)
                0x00000e36                        _etext = .

.data           0x00800100       0x22 load address 0x00000e36
                0x00800100                        PROVIDE (__data_start = .)
 *(.data)
 .data          0x00800100        0x0 /usr/lib/gcc/avr/14.1.0/../../../../avr/lib/avr5/crtatmega328p.o
 .data          0x00800100        0x0 helloworld.o
 .data          0x00800100        0x0 /usr/lib/gcc/avr/14.1.0/avr5/libgcc.a(_exit.o)
 .data          0x00800100        0x0 /usr/lib/gcc/avr/14.1.0/avr5/libgcc.a(_copy_data.o)
 .data          0x00800100        0x0 /usr/lib/gcc/avr/14.1.0/avr5/libgcc.a(_clear_bss.o)
 .data          0x00800100        0x0 /usr/lib/gcc/avr/14.1.0/../../../../avr/lib/avr5/libc.a(iob.o)
 .data          0x00800100        0x0 /usr/lib/gcc/avr/14.1.0/../../../../avr/lib/avr5/libc.a(printf.o)
 .data          0x00800100        0x0 /usr/lib/gcc/avr/14.1.0/../../../../avr/lib/avr5/libc.a(puts.o)
 .data          0x00800100        0x0 /usr/lib/gcc/avr/14.1.0/../../../../avr/lib/avr5/libc.a(scanf.o)
 .data          0x00800100        0x0 /usr/lib/gcc/avr/14.1.0/../../../../avr/lib/avr5/libc.a(vfprintf_std.o)
 .data          0x00800100        0x0 /usr/lib/gcc/avr/14.1.0/../../../../avr/lib/avr5/libc.a(vfscanf_std.o)
 .data          0x00800100        0x0 /usr/lib/gcc/avr/14.1.0/../../../../avr/lib/avr5/libc.a(isspace.o)
 .data          0x00800100        0x0 /usr/lib/gcc/avr/14.1.0/../../../../avr/lib/avr5/libc.a(strchr_P.o)
 .data          0x00800100        0x0 /usr/lib/gcc/avr/14.1.0/../../../../avr/lib/avr5/libc.a(strnlen_P.o)
 .data          0x00800100        0x0 /usr/lib/gcc/avr/14.1.0/../../../../avr/lib/avr5/libc.a(strnlen.o)
 .data          0x00800100        0x0 /usr/lib/gcc/avr/14.1.0/../../../../avr/lib/avr5/libc.a(fgetc.o)
 .data          0x00800100        0x0 /usr/lib/gcc/avr/14.1.0/../../../../avr/lib/avr5/libc.a(fputc.o)
 .data          0x00800100        0x0 /usr/lib/gcc/avr/14.1.0/../../../../avr/lib/avr5/libc.a(ungetc.o)
 .data          0x00800100        0x0 /usr/lib/gcc/avr/14.1.0/../../../../avr/lib/avr5/libc.a(ultoa_invert.o)
 .data          0x00800100        0x0 /usr/lib/gcc/avr/14.1.0/../../../../avr/lib/avr5/libc.a(cty_isfalse.o)
 .data          0x00800100        0x0 /usr/lib/gcc/avr/14.1.0/avr5/libgcc.a(_prologue.o)
 .data          0x00800100        0x0 /usr/lib/gcc/avr/14.1.0/avr5/libgcc.a(_epilogue.o)
 *(.data*)
 *(.gnu.linkonce.d*)
 *(.rodata)
 *(.rodata*)
 .rodata.str1.1
                0x00800100       0x21 helloworld.o
 *(.gnu.linkonce.r*)
                0x00800122                        . = ALIGN (0x2)
 *fill*         0x00800121        0x1 
                0x00800122                        _edata = .
                0x00800122                        PROVIDE (__data_end = .)

.bss            0x00800122       0x14
                0x00800122                        PROVIDE (__bss_start = .)
 *(.bss)
 .bss           0x00800122        0x0 /usr/lib/gcc/avr/14.1.0/../../../../avr/lib/avr5/crtatmega328p.o
 .bss           0x00800122        0xe helloworld.o
                0x00800122                uart_file
 .bss           0x00800130        0x0 /usr/lib/gcc/avr/14.1.0/avr5/libgcc.a(_exit.o)
 .bss           0x00800130        0x0 /usr/lib/gcc/avr/14.1.0/avr5/libgcc.a(_copy_data.o)
 .bss           0x00800130        0x0 /usr/lib/gcc/avr/14.1.0/avr5/libgcc.a(_clear_bss.o)
 .bss           0x00800130        0x6 /usr/lib/gcc/avr/14.1.0/../../../../avr/lib/avr5/libc.a(iob.o)
                0x00800130                __iob
 .bss           0x00800136        0x0 /usr/lib/gcc/avr/14.1.0/../../../../avr/lib/avr5/libc.a(printf.o)
 .bss           0x00800136        0x0 /usr/lib/gcc/avr/14.1.0/../../../../avr/lib/avr5/libc.a(puts.o)
 .bss           0x00800136        0x0 /usr/lib/gcc/avr/14.1.0/../../../../avr/lib/avr5/libc.a(scanf.o)
 .bss           0x00800136        0x0 /usr/lib/gcc/avr/14.1.0/../../../../avr/lib/avr5/libc.a(vfprintf_std.o)
 .bss           0x00800136        0x0 /usr/lib/gcc/avr/14.1.0/../../../../avr/lib/avr5/libc.a(vfscanf_std.o)
 .bss           0x00800136        0x0 /usr/lib/gcc/avr/14.1.0/../../../../avr/lib/avr5/libc.a(isspace.o)
 .bss           0x00800136        0x0 /usr/lib/gcc/avr/14.1.0/../../../../avr/lib/avr5/libc.a(strchr_P.o)
 .bss           0x00800136        0x0 /usr/lib/gcc/avr/14.1.0/../../../../avr/lib/avr5/libc.a(strnlen_P.o)
 .bss           0x00800136        0x0 /usr/lib/gcc/avr/14.1.0/../../../../avr/lib/avr5/libc.a(strnlen.o)
 .bss           0x00800136        0x0 /usr/lib/gcc/avr/14.1.0/../../../../avr/lib/avr5/libc.a(fgetc.o)
 .bss           0x00800136        0x0 /usr/lib/gcc/avr/14.1.0/../../../../avr/lib/avr5/libc.a(fputc.o)
 .bss           0x00800136        0x0 /usr/lib/gcc/avr/14.1.0/../../../../avr/lib/avr5/libc.a(ungetc.o)
 .bss           0x00800136        0x0 /usr/lib/gcc/avr/14.1.0/../../../../avr/lib/avr5/libc.a(ultoa_invert.o)
 .bss           0x00800136        0x0 /usr/lib/gcc/avr/14.1.0/../../../../avr/lib/avr5/libc.a(cty_isfalse.o)
 .bss           0x00800136        0x0 /usr/lib/gcc/avr/14.1.0/avr5/libgcc.a(_prologue.o)
 .bss           0x00800136        0x0 /usr/lib/gcc/avr/14.1.0/avr5/libgcc.a(_epilogue.o)
 *(.bss*)
 *(COMMON)
                0x00800136                        PROVIDE (__bss_end = .)
                0x00000e36                        __data_load_start = LOADADDR (.data)
                0x00000e58                        __data_load_end = (__data_load_start + SIZEOF (.data))

.noinit         0x00800136        0x0
                [!provide]                        PROVIDE (__noinit_start = .)
 *(.noinit .noinit.* .gnu.linkonce.n.*)
                [!provide]                        PROVIDE (__noinit_end = .)
                0x00800136                        _end = .
                [!provide]                        PROVIDE (__heap_start = .)
                [!provide]                        PROVIDE (__flmap_init_label = DEFINED (__flmap_noinit_start)?__flmap_noinit_start:0x0)
                [!provide]                        PROVIDE (__flmap = DEFINED (__flmap)?__flmap:0x0)

.eeprom         0x00810000        0x0
 *(.eeprom*)
                0x00810000                        __eeprom_end = .

.fuse
 *(.fuse)
 *(.lfuse)
 *(.hfuse)
 *(.efuse)

.lock
 *(.lock*)

.signature
 *(.signature*)

.stab
 *(.stab)

.stabstr
 *(.stabstr)

.stab.excl
 *(.stab.excl)

.stab.exclstr
 *(.stab.exclstr)

.stab.index
 *(.stab.index)

.stab.indexstr
 *(.stab.indexstr)

.comment        0x00000000       0x12
 *(.comment)
 .comment       0x00000000       0x12 helloworld.o
                                 0x13 (size before relaxing)
 .comment       0x00000012       0x13 /usr/lib/gcc/avr/14.1.0/../../../../avr/lib/avr5/libc.a(iob.o)
 .comment       0x00000012       0x13 /usr/lib/gcc/avr/14.1.0/../../../../avr/lib/avr5/libc.a(printf.o)
 .comment       0x00000012       0x13 /usr/lib/gcc/avr/14.1.0/../../../../avr/lib/avr5/libc.a(puts.o)
 .comment       0x00000012       0x13 /usr/lib/gcc/avr/14.1.0/../../../../avr/lib/avr5/libc.a(scanf.o)
 .comment       0x00000012       0x13 /usr/lib/gcc/avr/14.1.0/../../../../avr/lib/avr5/libc.a(vfprintf_std.o)
 .comment       0x00000012       0x13 /usr/lib/gcc/avr/14.1.0/../../../../avr/lib/avr5/libc.a(vfscanf_std.o)
 .comment       0x00000012       0x13 /usr/lib/gcc/avr/14.1.0/../../../../avr/lib/avr5/libc.a(fgetc.o)
 .comment       0x00000012       0x13 /usr/lib/gcc/avr/14.1.0/../../../../avr/lib/avr5/libc.a(fputc.o)
 .comment       0x00000012       0x13 /usr/lib/gcc/avr/14.1.0/../../../../avr/lib/avr5/libc.a(ungetc.o)

.note.gnu.avr.deviceinfo
                0x00000000       0x40
 .note.gnu.avr.deviceinfo
                0x00000000       0x40 /usr/lib/gcc/avr/14.1.0/../../../../avr/lib/avr5/crtatmega328p.o

.gnu.build.attributes
 *(.gnu.build.attributes .gnu.build.attributes.*)

.note.gnu.build-id
 *(.note.gnu.build-id)

.debug
 *(.debug)

.line
 *(.line)

.debug_srcinfo
 *(.debug_srcinfo)

.debug_sfnames
 *(.debug_sfnames)

.debug_aranges  0x00000000       0x28
 *(.debug_aranges)
 .debug_aranges
                0x00000000       0x28 helloworld.o

.debug_pubnames
 *(.debug_pubnames)

.debug_info     0x00000000      0x899
 *(.debug_info .gnu.linkonce.wi.*)
 .debug_info    0x00000000      0x5f4 /usr/lib/gcc/avr/14.1.0/../../../../avr/lib/avr5/crtatmega328p.o
 .debug_info    0x000005f4      0x2a5 helloworld.o

.debug_abbrev   0x00000000      0x78a
 *(.debug_abbrev)
 .debug_abbrev  0x00000000      0x5a2 /usr/lib/gcc/avr/14.1.0/../../../../avr/lib/avr5/crtatmega328p.o
 .debug_abbrev  0x000005a2      0x1e8 helloworld.o

.debug_line     0x00000000      0x263
 *(.debug_line .debug_line.* .debug_line_end)
 .debug_line    0x00000000       0x1d /usr/lib/gcc/avr/14.1.0/../../../../avr/lib/avr5/crtatmega328p.o
 .debug_line    0x0000001d      0x246 helloworld.o

.debug_frame    0x00000000       0x5c
 *(.debug_frame)
 .debug_frame   0x00000000       0x5c helloworld.o

.debug_str      0x00000000      0x32d
 *(.debug_str)
 .debug_str     0x00000000      0x208 /usr/lib/gcc/avr/14.1.0/../../../../avr/lib/avr5/crtatmega328p.o
 .debug_str     0x00000208      0x125 helloworld.o
                                0x170 (size before relaxing)

.debug_loc
 *(.debug_loc)

.debug_macinfo
 *(.debug_macinfo)

.debug_weaknames
 *(.debug_weaknames)

.debug_funcnames
 *(.debug_funcnames)

.debug_typenames
 *(.debug_typenames)

.debug_varnames
 *(.debug_varnames)

.debug_pubtypes
 *(.debug_pubtypes)

.debug_ranges
 *(.debug_ranges)

.debug_addr
 *(.debug_addr)

.debug_line_str
                0x00000000       0x62
 *(.debug_line_str)
 .debug_line_str
                0x00000000       0x62 helloworld.o
                                 0xa4 (size before relaxing)

.debug_loclists
                0x00000000       0x45
 *(.debug_loclists)
 .debug_loclists
                0x00000000       0x45 helloworld.o

.debug_macro
 *(.debug_macro)

.debug_names
 *(.debug_names)

.debug_rnglists
                0x00000000       0x26
 *(.debug_rnglists)
 .debug_rnglists
                0x00000000       0x26 helloworld.o

.debug_str_offsets
 *(.debug_str_offsets)

.debug_sup
 *(.debug_sup)
OUTPUT(helloworld.elf elf32-avr)
LOAD linker stubs
